# This file contains fixed global exclude patterns

# Internal files
].OpenCloudSync.log
].sync_journal.db*

*~
~$*
.~lock.*
~*.tmp
]*.~*
]Icon\r*
].DS_Store
].ds_store
._*
]Thumbs.db
# Windows desktop ini
]Desktop.ini

.*.sw?
.*.*sw?

].TemporaryItems
].Trashes
].DocumentRevisions-V100

# https://specifications.freedesktop.org/trash/1.0/
].Trash-*[0-9]
].Trash

.fseventd
.apdisk

.directory

*.part
*.filepart
*.crdownload

*.kate-swp
*.gnucash.tmp-*

.synkron.*
.sync.ffs_db
.symform
.symform-store
.fuse_hidden*
*.unison
.nfs*

My Saved Places.
